// Jest Snapshot v1, https://goo.gl/fbAQLP

exports[`parse log 1`] = `
Object {
  "account": "pureman",
  "background": "Fi",
  "date": 2018-08-07T00:35:30.000Z,
  "morgue": "https://s3-us-west-2.amazonaws.com/crawl.jorgrun.rocks/morgue/pureman/morgue-pureman-20180807-003530.txt",
  "race": "Mi",
  "turns": 24605,
  "type": "log",
  "xl": 21,
}
`;
